first_dep_global,from_root
dep_never_overridden,root_root_value
