first_dep_global,from_root
first_dep_global_value_overridden,root_first_value
